[root] pos=(0.0, 0.0) size=(70.0, 77.4) z=1
  [child-0] pos=(0.0, 0.0) size=(70.0, 77.4) z=2
    [glyph-0] pos=(0.0, 0.0) index=0 text="h"
    [glyph-1] pos=(9.5, 0.0) index=0 text="e"
    [glyph-2] pos=(18.8, 0.0) index=0 text="l"
    [glyph-3] pos=(22.7, 0.0) index=0 text="l"
    [glyph-4] pos=(26.5, 0.0) index=0 text="o"
    [glyph-5] pos=(36.1, 0.0) index=0 text=" "
    [glyph-6] pos=(0.0, 19.4) index=0 text="w"
    [glyph-7] pos=(12.8, 19.4) index=0 text="o"
    [glyph-8] pos=(22.4, 19.4) index=0 text="r"
    [glyph-9] pos=(28.7, 19.4) index=0 text="l"
    [glyph-10] pos=(32.5, 19.4) index=0 text="d"
    [glyph-11] pos=(42.3, 19.4) index=0 text=" "
    [glyph-12] pos=(0.0, 38.7) index=0 text="f"
    [glyph-13] pos=(5.9, 38.7) index=0 text="r"
    [glyph-14] pos=(11.7, 38.7) index=0 text="o"
    [glyph-15] pos=(21.3, 38.7) index=0 text="m"
    [glyph-16] pos=(35.3, 38.7) index=0 text=" "
    [glyph-17] pos=(0.0, 58.1) index=0 text="f"
    [glyph-18] pos=(5.5, 58.1) index=0 text="o"
    [glyph-19] pos=(15.0, 58.1) index=0 text="r"
    [glyph-20] pos=(21.3, 58.1) index=0 text="b"
    [glyph-21] pos=(31.1, 58.1) index=0 text="e"
    [glyph-22] pos=(40.6, 58.1) index=0 text="a"
    [glyph-23] pos=(49.6, 58.1) index=0 text="r"
